From: "dmn-status" <noreply@dmn-software.example>
To: <admin@example.test>
Subject: =?utf-8?q?[dmn-status]_nicht_erreichbar:_Bewerbungsportal_(Gr=C3=B6=C3=9F?= =?utf-8?q?e)?=
Date: Fri, 18 Sep 2026 16:08:00 +0200
Message-ID: <FESTEID@dmn-software.example>
MIME-Version: 1.0
Content-Type: text/plain; charset=utf-8
Content-Transfer-Encoding: quoted-printable

Bewerbungsportal (Gr=C3=B6=C3=9Fe) ist nicht erreichbar.

Seit:    17.09.2026, 14:03 Uhr
Ursache: verbindung abgelehnt

https://status.example.test/admin/
