From: "dmn-status" <noreply@dmn-software.example>
To: <admin@example.test>
Subject: =?utf-8?q?[dmn-status]_wieder_erreichbar:_Bewerbungsportal_(Gr=C3=B6?= =?utf-8?q?=C3=9Fe)_nach_1_Tag_2_Std.?=
Date: Fri, 18 Sep 2026 16:08:00 +0200
Message-ID: <FESTEID@dmn-software.example>
MIME-Version: 1.0
Content-Type: text/plain; charset=utf-8
Content-Transfer-Encoding: quoted-printable

Bewerbungsportal (Gr=C3=B6=C3=9Fe) ist wieder erreichbar.

Ausfall: 17.09.2026, 14:03 Uhr bis 18.09.2026, 16:08 Uhr
Dauer:   1 Tag 2 Std.

https://status.example.test/admin/
